* using log directory 'd:/RCompile/CRANguest/R-devel/rurl.Rcheck'
* using R Under development (unstable) (2026-09-06 r90498 ucrt)
* using platform: x86_64-w64-mingw32
* R was compiled by
    gcc.exe (GCC) 14.3.0
    GNU Fortran (GCC) 14.3.0
* running under: Windows Server 2022 x64 (build 20348)
* using session charset: UTF-8
* current time: 2026-09-07 21:34:05 UTC
* checking for file 'rurl/DESCRIPTION' ... OK
* checking extension type ... Package
* this is package 'rurl' version '3.0.1.9002'
* package encoding: UTF-8
* checking CRAN incoming feasibility ... [13s] NOTE
Maintainer: 'Bart Turczynski <bartek@turczynski.pl>'

Version contains large components (3.0.1.9002)

New maintainer:
  Bart Turczynski <bartek@turczynski.pl>
Old maintainer(s):
  Bart Turczynski <bartek+rurl@turczynski.pl>

Possibly misspelled words in DESCRIPTION:
  IDNA (13:18)
  Punycode (13:5)

Found the following (possibly) invalid URLs:
  URL: https://gitlab.com/bart-turczynski/rurl/-/issues
    From: DESCRIPTION
    Status: 404
    Message: Not Found
* checking package namespace information ... OK
* checking package dependencies ... OK
* checking if this is a source package ... OK
* checking if there is a namespace ... OK
* checking for hidden files and directories ... OK
* checking for portable file names ... OK
* checking whether package 'rurl' can be installed ... OK
* checking installed package size ... OK
* checking package directory ... OK
* checking for future file timestamps ... OK
* checking 'build' directory ... OK
* checking DESCRIPTION meta-information ... OK
* checking top-level files ... OK
* checking for left-over files ... OK
* checking index information ... OK
* checking package subdirectories ... OK
* checking code files for non-ASCII characters ... OK
* checking R files for syntax errors ... OK
* checking whether the package can be loaded ... OK
* checking whether the package can be loaded with stated dependencies ... OK
* checking whether the package can be unloaded cleanly ... OK
* checking whether the namespace can be loaded with stated dependencies ... OK
* checking whether the namespace can be unloaded cleanly ... OK
* checking loading without being on the library search path ... OK
* checking whether startup messages can be suppressed ... OK
* checking use of S3 registration ... OK
* checking dependencies in R code ... OK
* checking S3 generic/method consistency ... OK
* checking replacement functions ... OK
* checking foreign function calls ... OK
* checking R code for possible problems ... [32s] OK
* checking Rd files ... OK
* checking Rd metadata ... OK
* checking Rd line widths ... OK
* checking Rd cross-references ... OK
* checking for missing documentation entries ... OK
* checking for code/documentation mismatches ... OK
* checking Rd \usage sections ... OK
* checking Rd contents ... OK
* checking for unstated dependencies in examples ... OK
* checking installed files from 'inst/doc' ... OK
* checking files in 'vignettes' ... OK
* checking examples ... OK
* checking for unstated dependencies in 'tests' ... OK
* checking tests ... [185s] OK
  Running 'diagnose-windows-fixture.R'
  Running 'testthat.R' [185s]
* checking for unstated dependencies in vignettes ... OK
* checking package vignettes ... OK
* checking re-building of vignette outputs ... OK
* checking PDF version of manual ... [34s] OK
* checking HTML version of manual ... [10s] OK
* DONE
Status: 1 NOTE
