rurl local verify gate -- 2026-08-12 01:13:10
stages: gates -> selftests -> lint -> check -> locale

[gates] 15 step(s) derived from .github/workflows/verify.yml
  PASS tools/cache-doc-consistency.R                                0.2s
  PASS tools/oracle-provenance-gate.R                               0.8s
  PASS tools/oracle/verify-credentials-fragments.R                  0.2s
  PASS tools/oracle/verify-ip-obfuscation.R                         0.3s
  PASS tools/oracle/verify-youarealiar.R                            0.2s
  PASS tools/oracle/verify-equivocal-urls.R                         0.2s
  PASS design/work/url-v3/tools/validate-records.R                  1.0s
  PASS tools/release-rule-check.R                                   1.3s
  PASS design/work/url-v3/tools/traceability-gate.R                 1.0s
  PASS tools/status-doc-consistency.R                               0.9s
  PASS tools/diagnostics-doc-consistency.R                          1.5s
  PASS tools/deferral-gate.R                                        0.6s
  PASS tools/curl-zero-gate.R --static-only                         1.7s
  PASS design/work/url-v3/tools/oracle-label-gate.R                 0.3s
  PASS design/work/url-v3/tools/citation-gate.R                     0.3s

[gate-self-tests] 0/17 corresponding implementation(s) changed

[lint] lintr::lint_package()
  PASS lintr::lint_package()                                       25.1s

[check] R CMD build + R CMD check --as-cran (on the tarball)
  PASS R CMD build                                                 11.5s
  PASS R CMD check --as-cran                                       92.8s
       * checking CRAN incoming feasibility ... [3s/16s] NOTE
       * checking top-level files ... NOTE
       Status: 2 NOTEs
       full log: _scratch/verify-check/rurl.Rcheck/00check.log

[locale] test suite under LC_ALL=C
  PASS testthat under LC_ALL=C                                     48.4s

19 blocking step(s), 0 failed
VERDICT: PASS (this machine, this R -- see the header for what is not covered)
